[Fri Jul 05 15:10:35.871970 2024] [php:error] [pid 22108:tid 1856] [client ::1:61417] PHP Fatal error:  Uncaught mysqli_sql_exception: You have an error in your SQL syntax; check the manual that corresponds to your MariaDB server version for the right syntax to use near 'AND wedding_id=1' at line 1 in C:\\xampp\\htdocs\\WeddingProject\\api\\wedding_registry.php:69\nStack trace:\n#0 C:\\xampp\\htdocs\\WeddingProject\\api\\wedding_registry.php(69): mysqli->query('SELECT * FROM r...')\n#1 C:\\xampp\\htdocs\\WeddingProject\\api\\index.php(141): checkItemInRegistry(NULL, '1')\n#2 {main}\n  thrown in C:\\xampp\\htdocs\\WeddingProject\\api\\wedding_registry.php on line 69, referer: http://localhost/shop.html?categories=garden%2Cnothing&sortBy=date_added&searchString=nothing&page=1
[Fri Jul 05 15:10:40.515135 2024] [php:error] [pid 22108:tid 1864] [client ::1:61416] PHP Fatal error:  Uncaught mysqli_sql_exception: You have an error in your SQL syntax; check the manual that corresponds to your MariaDB server version for the right syntax to use near '' at line 1 in C:\\xampp\\htdocs\\WeddingProject\\api\\item_search.php:95\nStack trace:\n#0 C:\\xampp\\htdocs\\WeddingProject\\api\\item_search.php(95): mysqli->query('SELECT * FROM i...')\n#1 C:\\xampp\\htdocs\\WeddingProject\\api\\index.php(93): getItemDetails(NULL)\n#2 {main}\n  thrown in C:\\xampp\\htdocs\\WeddingProject\\api\\item_search.php on line 95, referer: http://localhost/shop.html?categories=garden%2Cnothing&sortBy=date_added&searchString=nothing&page=2
[Fri Jul 05 15:10:40.516134 2024] [php:error] [pid 22108:tid 1844] [client ::1:61415] PHP Fatal error:  Uncaught mysqli_sql_exception: You have an error in your SQL syntax; check the manual that corresponds to your MariaDB server version for the right syntax to use near 'AND wedding_id=1' at line 1 in C:\\xampp\\htdocs\\WeddingProject\\api\\wedding_registry.php:69\nStack trace:\n#0 C:\\xampp\\htdocs\\WeddingProject\\api\\wedding_registry.php(69): mysqli->query('SELECT * FROM r...')\n#1 C:\\xampp\\htdocs\\WeddingProject\\api\\index.php(141): checkItemInRegistry(NULL, '1')\n#2 {main}\n  thrown in C:\\xampp\\htdocs\\WeddingProject\\api\\wedding_registry.php on line 69, referer: http://localhost/shop.html?categories=garden%2Cnothing&sortBy=date_added&searchString=nothing&page=2
[Fri Jul 05 15:10:42.248991 2024] [php:error] [pid 22108:tid 1844] [client ::1:61415] PHP Fatal error:  Uncaught mysqli_sql_exception: You have an error in your SQL syntax; check the manual that corresponds to your MariaDB server version for the right syntax to use near '' at line 1 in C:\\xampp\\htdocs\\WeddingProject\\api\\item_search.php:95\nStack trace:\n#0 C:\\xampp\\htdocs\\WeddingProject\\api\\item_search.php(95): mysqli->query('SELECT * FROM i...')\n#1 C:\\xampp\\htdocs\\WeddingProject\\api\\index.php(93): getItemDetails(NULL)\n#2 {main}\n  thrown in C:\\xampp\\htdocs\\WeddingProject\\api\\item_search.php on line 95, referer: http://localhost/shop.html?categories=garden%2Cnothing&sortBy=date_added&searchString=nothing&page=1
[Fri Jul 05 15:10:42.248991 2024] [php:error] [pid 22108:tid 1856] [client ::1:61417] PHP Fatal error:  Uncaught mysqli_sql_exception: You have an error in your SQL syntax; check the manual that corresponds to your MariaDB server version for the right syntax to use near 'AND wedding_id=1' at line 1 in C:\\xampp\\htdocs\\WeddingProject\\api\\wedding_registry.php:69\nStack trace:\n#0 C:\\xampp\\htdocs\\WeddingProject\\api\\wedding_registry.php(69): mysqli->query('SELECT * FROM r...')\n#1 C:\\xampp\\htdocs\\WeddingProject\\api\\index.php(141): checkItemInRegistry(NULL, '1')\n#2 {main}\n  thrown in C:\\xampp\\htdocs\\WeddingProject\\api\\wedding_registry.php on line 69, referer: http://localhost/shop.html?categories=garden%2Cnothing&sortBy=date_added&searchString=nothing&page=1
[Fri Jul 05 15:14:58.620809 2024] [php:error] [pid 22108:tid 1856] [client ::1:61566] PHP Fatal error:  Uncaught mysqli_sql_exception: You have an error in your SQL syntax; check the manual that corresponds to your MariaDB server version for the right syntax to use near '' at line 1 in C:\\xampp\\htdocs\\WeddingProject\\api\\item_search.php:95\nStack trace:\n#0 C:\\xampp\\htdocs\\WeddingProject\\api\\item_search.php(95): mysqli->query('SELECT * FROM i...')\n#1 C:\\xampp\\htdocs\\WeddingProject\\api\\index.php(93): getItemDetails(NULL)\n#2 {main}\n  thrown in C:\\xampp\\htdocs\\WeddingProject\\api\\item_search.php on line 95, referer: http://localhost/shop.html
[Fri Jul 05 15:46:25.429568 2024] [php:error] [pid 22108:tid 1856] [client ::1:62685] PHP Fatal error:  Uncaught mysqli_sql_exception: Unknown column 'test' in 'where clause' in C:\\xampp\\htdocs\\WeddingProject\\api\\login.php:8\nStack trace:\n#0 C:\\xampp\\htdocs\\WeddingProject\\api\\login.php(8): mysqli->query('SELECT wedding_...')\n#1 C:\\xampp\\htdocs\\WeddingProject\\api\\index.php(116): checkLogin('test', 'test')\n#2 {main}\n  thrown in C:\\xampp\\htdocs\\WeddingProject\\api\\login.php on line 8, referer: http://localhost/login.html
[Fri Jul 05 15:46:39.761955 2024] [php:error] [pid 22108:tid 1856] [client ::1:62700] PHP Fatal error:  Uncaught mysqli_sql_exception: Unknown column 'test' in 'where clause' in C:\\xampp\\htdocs\\WeddingProject\\api\\login.php:8\nStack trace:\n#0 C:\\xampp\\htdocs\\WeddingProject\\api\\login.php(8): mysqli->query('SELECT wedding_...')\n#1 C:\\xampp\\htdocs\\WeddingProject\\api\\index.php(116): checkLogin('test', 'test')\n#2 {main}\n  thrown in C:\\xampp\\htdocs\\WeddingProject\\api\\login.php on line 8, referer: http://localhost/login.html
[Fri Jul 05 15:46:49.602791 2024] [php:error] [pid 22108:tid 1844] [client ::1:62710] PHP Fatal error:  Uncaught mysqli_sql_exception: Unknown column 'test' in 'where clause' in C:\\xampp\\htdocs\\WeddingProject\\api\\login.php:8\nStack trace:\n#0 C:\\xampp\\htdocs\\WeddingProject\\api\\login.php(8): mysqli->query('SELECT wedding_...')\n#1 C:\\xampp\\htdocs\\WeddingProject\\api\\index.php(116): checkLogin('test', 'test')\n#2 {main}\n  thrown in C:\\xampp\\htdocs\\WeddingProject\\api\\login.php on line 8, referer: http://localhost/login.html
[Fri Jul 05 15:48:42.918798 2024] [php:error] [pid 22108:tid 1848] [client ::1:62773] PHP Fatal error:  Uncaught mysqli_sql_exception: Unknown column 'test' in 'where clause' in C:\\xampp\\htdocs\\WeddingProject\\api\\login.php:43\nStack trace:\n#0 C:\\xampp\\htdocs\\WeddingProject\\api\\login.php(43): mysqli->query('SELECT attendee...')\n#1 C:\\xampp\\htdocs\\WeddingProject\\api\\index.php(116): checkLogin('test', 'test')\n#2 {main}\n  thrown in C:\\xampp\\htdocs\\WeddingProject\\api\\login.php on line 43, referer: http://localhost/login.html
[Fri Jul 05 15:52:03.580848 2024] [php:error] [pid 22108:tid 1848] [client ::1:62889] PHP Fatal error:  Uncaught Error: Object of class mysqli_result could not be converted to string in C:\\xampp\\htdocs\\WeddingProject\\api\\login.php:50\nStack trace:\n#0 C:\\xampp\\htdocs\\WeddingProject\\api\\index.php(116): checkLogin('test@test.com', 'test')\n#1 {main}\n  thrown in C:\\xampp\\htdocs\\WeddingProject\\api\\login.php on line 50, referer: http://localhost/login.html
[Fri Jul 05 15:52:21.400818 2024] [php:error] [pid 22108:tid 1844] [client ::1:62898] PHP Fatal error:  Uncaught Error: Object of class mysqli_result could not be converted to string in C:\\xampp\\htdocs\\WeddingProject\\api\\login.php:50\nStack trace:\n#0 C:\\xampp\\htdocs\\WeddingProject\\api\\index.php(116): checkLogin('test@test.com', 'test')\n#1 {main}\n  thrown in C:\\xampp\\htdocs\\WeddingProject\\api\\login.php on line 50, referer: http://localhost/login.html
[Fri Jul 05 15:54:08.443763 2024] [php:error] [pid 22108:tid 1848] [client ::1:62947] PHP Fatal error:  Uncaught mysqli_sql_exception: Unknown column '1af7a7bc' in 'field list' in C:\\xampp\\htdocs\\WeddingProject\\api\\login.php:52\nStack trace:\n#0 C:\\xampp\\htdocs\\WeddingProject\\api\\login.php(52): mysqli->query('UPDATE attendee...')\n#1 C:\\xampp\\htdocs\\WeddingProject\\api\\index.php(116): checkLogin('test@test.com', 'test')\n#2 {main}\n  thrown in C:\\xampp\\htdocs\\WeddingProject\\api\\login.php on line 52, referer: http://localhost/login.html
[Fri Jul 05 15:54:24.782763 2024] [php:error] [pid 22108:tid 1848] [client ::1:62961] PHP Fatal error:  Uncaught Error: Object of class mysqli_result could not be converted to string in C:\\xampp\\htdocs\\WeddingProject\\api\\index.php:116\nStack trace:\n#0 {main}\n  thrown in C:\\xampp\\htdocs\\WeddingProject\\api\\index.php on line 116, referer: http://localhost/login.html
[Fri Jul 05 16:11:05.845699 2024] [php:error] [pid 22108:tid 1864] [client ::1:63572] PHP Fatal error:  Uncaught mysqli_sql_exception: Unknown column '796303db' in 'field list' in C:\\xampp\\htdocs\\WeddingProject\\api\\login.php:17\nStack trace:\n#0 C:\\xampp\\htdocs\\WeddingProject\\api\\login.php(17): mysqli->query('UPDATE wedding_...')\n#1 C:\\xampp\\htdocs\\WeddingProject\\api\\index.php(116): checkLogin('nothing@gmail.c...', 'nothing')\n#2 {main}\n  thrown in C:\\xampp\\htdocs\\WeddingProject\\api\\login.php on line 17, referer: http://localhost/login.html
[Fri Jul 05 17:31:10.987377 2024] [php:error] [pid 22108:tid 1852] [client ::1:1871] PHP Parse error:  syntax error, unexpected token "if" in C:\\xampp\\htdocs\\WeddingProject\\api\\login.php on line 115, referer: http://localhost/signup.html
[Fri Jul 05 17:31:35.111215 2024] [php:error] [pid 22108:tid 1852] [client ::1:1883] PHP Parse error:  syntax error, unexpected string content "", expecting "-" or identifier or variable or number in C:\\xampp\\htdocs\\WeddingProject\\api\\login.php on line 117, referer: http://localhost/signup.html
[Fri Jul 05 17:31:57.221152 2024] [php:error] [pid 22108:tid 1852] [client ::1:1894] PHP Parse error:  syntax error, unexpected string content "", expecting "-" or identifier or variable or number in C:\\xampp\\htdocs\\WeddingProject\\api\\login.php on line 117, referer: http://localhost/signup.html
[Fri Jul 05 17:32:40.087170 2024] [php:error] [pid 22108:tid 1852] [client ::1:1914] PHP Parse error:  syntax error, unexpected string content "", expecting "-" or identifier or variable or number in C:\\xampp\\htdocs\\WeddingProject\\api\\login.php on line 118, referer: http://localhost/signup.html
[Fri Jul 05 17:32:55.019938 2024] [php:error] [pid 22108:tid 1852] [client ::1:1921] PHP Parse error:  syntax error, unexpected string content "", expecting "-" or identifier or variable or number in C:\\xampp\\htdocs\\WeddingProject\\api\\login.php on line 118, referer: http://localhost/signup.html
[Fri Jul 05 17:33:06.226007 2024] [php:error] [pid 22108:tid 1852] [client ::1:1927] PHP Parse error:  syntax error, unexpected string content "", expecting "-" or identifier or variable or number in C:\\xampp\\htdocs\\WeddingProject\\api\\login.php on line 119, referer: http://localhost/signup.html
[Fri Jul 05 17:33:35.159510 2024] [php:error] [pid 22108:tid 1852] [client ::1:1946] PHP Parse error:  syntax error, unexpected string content "", expecting "-" or identifier or variable or number in C:\\xampp\\htdocs\\WeddingProject\\api\\login.php on line 119, referer: http://localhost/signup.html
[Fri Jul 05 17:33:47.074934 2024] [php:error] [pid 22108:tid 1852] [client ::1:1952] PHP Parse error:  syntax error, unexpected string content "", expecting "-" or identifier or variable or number in C:\\xampp\\htdocs\\WeddingProject\\api\\login.php on line 119, referer: http://localhost/signup.html
[Fri Jul 05 17:34:17.529538 2024] [php:error] [pid 22108:tid 1852] [client ::1:1967] PHP Parse error:  syntax error, unexpected string content "", expecting "-" or identifier or variable or number in C:\\xampp\\htdocs\\WeddingProject\\api\\login.php on line 119, referer: http://localhost/signup.html
[Fri Jul 05 17:35:11.258232 2024] [php:error] [pid 22108:tid 1852] [client ::1:1992] PHP Parse error:  syntax error, unexpected string content "", expecting "-" or identifier or variable or number in C:\\xampp\\htdocs\\WeddingProject\\api\\login.php on line 146, referer: http://localhost/signup.html
[Fri Jul 05 17:37:18.977455 2024] [php:error] [pid 22108:tid 1852] [client ::1:2053] PHP Parse error:  syntax error, unexpected string content "", expecting "-" or identifier or variable or number in C:\\xampp\\htdocs\\WeddingProject\\api\\login.php on line 121, referer: http://localhost/signup.html
[Fri Jul 05 17:37:32.923289 2024] [php:error] [pid 22108:tid 1852] [client ::1:2060] PHP Parse error:  syntax error, unexpected string content "", expecting "-" or identifier or variable or number in C:\\xampp\\htdocs\\WeddingProject\\api\\login.php on line 120, referer: http://localhost/signup.html
[Fri Jul 05 17:38:07.600305 2024] [php:error] [pid 22108:tid 1852] [client ::1:2077] PHP Fatal error:  Uncaught TypeError: json_decode(): Argument #1 ($json) must be of type string, array given in C:\\xampp\\htdocs\\WeddingProject\\api\\login.php:113\nStack trace:\n#0 C:\\xampp\\htdocs\\WeddingProject\\api\\login.php(113): json_decode(Array, true)\n#1 C:\\xampp\\htdocs\\WeddingProject\\api\\index.php(131): createAccount('', '', Array)\n#2 {main}\n  thrown in C:\\xampp\\htdocs\\WeddingProject\\api\\login.php on line 113, referer: http://localhost/signup.html
[Fri Jul 05 17:38:40.162318 2024] [php:error] [pid 22108:tid 1852] [client ::1:2100] PHP Fatal error:  Uncaught TypeError: json_decode(): Argument #1 ($json) must be of type string, array given in C:\\xampp\\htdocs\\WeddingProject\\api\\login.php:113\nStack trace:\n#0 C:\\xampp\\htdocs\\WeddingProject\\api\\login.php(113): json_decode(Array, true)\n#1 C:\\xampp\\htdocs\\WeddingProject\\api\\index.php(131): createAccount('', '', Array)\n#2 {main}\n  thrown in C:\\xampp\\htdocs\\WeddingProject\\api\\login.php on line 113, referer: http://localhost/signup.html
[Fri Jul 05 17:39:03.237334 2024] [php:error] [pid 22108:tid 1852] [client ::1:2114] PHP Fatal error:  Uncaught TypeError: json_decode(): Argument #1 ($json) must be of type string, array given in C:\\xampp\\htdocs\\WeddingProject\\api\\login.php:113\nStack trace:\n#0 C:\\xampp\\htdocs\\WeddingProject\\api\\login.php(113): json_decode(Array, true)\n#1 C:\\xampp\\htdocs\\WeddingProject\\api\\index.php(131): createAccount('test@tst.com', 'test', Array)\n#2 {main}\n  thrown in C:\\xampp\\htdocs\\WeddingProject\\api\\login.php on line 113, referer: http://localhost/signup.html
[Fri Jul 05 17:39:12.022330 2024] [php:error] [pid 22108:tid 1852] [client ::1:2119] PHP Fatal error:  Uncaught mysqli_sql_exception: You have an error in your SQL syntax; check the manual that corresponds to your MariaDB server version for the right syntax to use near '@tst.com, test, xfb, 2024-07-31, afe, img)' at line 1 in C:\\xampp\\htdocs\\WeddingProject\\api\\login.php:121\nStack trace:\n#0 C:\\xampp\\htdocs\\WeddingProject\\api\\login.php(121): mysqli->query('INSERT INTO wed...')\n#1 C:\\xampp\\htdocs\\WeddingProject\\api\\index.php(131): createAccount('test@tst.com', 'test', Array)\n#2 {main}\n  thrown in C:\\xampp\\htdocs\\WeddingProject\\api\\login.php on line 121, referer: http://localhost/signup.html
[Fri Jul 05 17:41:21.122383 2024] [php:error] [pid 22108:tid 1852] [client ::1:2178] PHP Parse error:  syntax error, unexpected string content "", expecting "-" or identifier or variable or number in C:\\xampp\\htdocs\\WeddingProject\\api\\login.php on line 116, referer: http://localhost/signup.html
[Fri Jul 05 17:42:56.883641 2024] [php:error] [pid 22108:tid 1860] [client ::1:2227] PHP Parse error:  syntax error, unexpected string content "", expecting "-" or identifier or variable or number in C:\\xampp\\htdocs\\WeddingProject\\api\\login.php on line 116, referer: http://localhost/signup.html
[Fri Jul 05 17:44:35.224464 2024] [php:error] [pid 22108:tid 1860] [client ::1:2272] PHP Fatal error:  Uncaught Error: Call to undefined method mysqli::insert_id() in C:\\xampp\\htdocs\\WeddingProject\\api\\login.php:127\nStack trace:\n#0 C:\\xampp\\htdocs\\WeddingProject\\api\\index.php(131): createAccount('hare', 'ar', Array)\n#1 {main}\n  thrown in C:\\xampp\\htdocs\\WeddingProject\\api\\login.php on line 127, referer: http://localhost/signup.html
[Fri Jul 05 18:06:44.471238 2024] [php:error] [pid 22108:tid 1848] [client ::1:2935] PHP Fatal error:  Uncaught mysqli_sql_exception: You have an error in your SQL syntax; check the manual that corresponds to your MariaDB server version for the right syntax to use near ';\r\n            VALUES ('trjs', 'ets', 'set', 'img')' at line 1 in C:\\xampp\\htdocs\\WeddingProject\\api\\login.php:149\nStack trace:\n#0 C:\\xampp\\htdocs\\WeddingProject\\api\\login.php(149): mysqli->query('INSERT INTO att...')\n#1 C:\\xampp\\htdocs\\WeddingProject\\api\\index.php(131): createAccount('trjs', 'ets', Array)\n#2 {main}\n  thrown in C:\\xampp\\htdocs\\WeddingProject\\api\\login.php on line 149, referer: http://localhost/signup.html
[Fri Jul 05 18:06:52.872986 2024] [php:error] [pid 22108:tid 1848] [client ::1:2941] PHP Fatal error:  Uncaught mysqli_sql_exception: You have an error in your SQL syntax; check the manual that corresponds to your MariaDB server version for the right syntax to use near ';\r\n            VALUES ('trjs', 'ets', 'set', 'img')' at line 1 in C:\\xampp\\htdocs\\WeddingProject\\api\\login.php:149\nStack trace:\n#0 C:\\xampp\\htdocs\\WeddingProject\\api\\login.php(149): mysqli->query('INSERT INTO att...')\n#1 C:\\xampp\\htdocs\\WeddingProject\\api\\index.php(131): createAccount('trjs', 'ets', Array)\n#2 {main}\n  thrown in C:\\xampp\\htdocs\\WeddingProject\\api\\login.php on line 149, referer: http://localhost/signup.html
[Fri Jul 05 18:07:12.793017 2024] [php:error] [pid 22108:tid 1848] [client ::1:2951] PHP Fatal error:  Uncaught mysqli_sql_exception: Unknown column 'atendee_password' in 'field list' in C:\\xampp\\htdocs\\WeddingProject\\api\\login.php:149\nStack trace:\n#0 C:\\xampp\\htdocs\\WeddingProject\\api\\login.php(149): mysqli->query('INSERT INTO att...')\n#1 C:\\xampp\\htdocs\\WeddingProject\\api\\index.php(131): createAccount('trjs', 'ets', Array)\n#2 {main}\n  thrown in C:\\xampp\\htdocs\\WeddingProject\\api\\login.php on line 149, referer: http://localhost/signup.html
[Fri Jul 05 19:15:44.915381 2024] [php:error] [pid 22108:tid 1864] [client ::1:4232] PHP Parse error:  Unclosed '{' on line 4 in C:\\xampp\\htdocs\\WeddingProject\\api\\item_search.php on line 127, referer: http://localhost/signup.html
[Fri Jul 05 19:15:51.655813 2024] [php:error] [pid 22108:tid 1864] [client ::1:4232] PHP Parse error:  Unclosed '{' on line 4 in C:\\xampp\\htdocs\\WeddingProject\\api\\item_search.php on line 127, referer: http://localhost/signup.html
[Fri Jul 05 19:16:08.077666 2024] [php:notice] [pid 22108:tid 1864] [client ::1:4244] PHP Deprecated:  Optional parameter $searchString declared before required parameter $weddingToFilter is implicitly treated as a required parameter in C:\\xampp\\htdocs\\WeddingProject\\api\\item_search.php on line 52, referer: http://localhost/signup.html
[Fri Jul 05 19:16:08.078666 2024] [php:notice] [pid 22108:tid 1864] [client ::1:4244] PHP Deprecated:  Optional parameter $filterByCategories declared before required parameter $weddingToFilter is implicitly treated as a required parameter in C:\\xampp\\htdocs\\WeddingProject\\api\\item_search.php on line 52, referer: http://localhost/signup.html
[Fri Jul 05 19:16:08.078666 2024] [php:notice] [pid 22108:tid 1864] [client ::1:4244] PHP Deprecated:  Optional parameter $sortBy declared before required parameter $weddingToFilter is implicitly treated as a required parameter in C:\\xampp\\htdocs\\WeddingProject\\api\\item_search.php on line 52, referer: http://localhost/signup.html
[Fri Jul 05 19:16:08.078666 2024] [php:notice] [pid 22108:tid 1864] [client ::1:4244] PHP Deprecated:  Optional parameter $page declared before required parameter $weddingToFilter is implicitly treated as a required parameter in C:\\xampp\\htdocs\\WeddingProject\\api\\item_search.php on line 52, referer: http://localhost/signup.html
[Fri Jul 05 19:19:11.315113 2024] [php:error] [pid 22108:tid 1860] [client ::1:4336] PHP Fatal error:  Uncaught mysqli_sql_exception: You have an error in your SQL syntax; check the manual that corresponds to your MariaDB server version for the right syntax to use near ')' at line 1 in C:\\xampp\\htdocs\\WeddingProject\\api\\item_search.php:56\nStack trace:\n#0 C:\\xampp\\htdocs\\WeddingProject\\api\\item_search.php(56): mysqli->query('CREATE TEMPORAR...')\n#1 C:\\xampp\\htdocs\\WeddingProject\\api\\index.php(133): itemSearchFilterByWedding(NULL, NULL, 'review_scores', NULL, '1')\n#2 {main}\n  thrown in C:\\xampp\\htdocs\\WeddingProject\\api\\item_search.php on line 56, referer: http://localhost/shopRegistry.html?weddingID=1
[Fri Jul 05 19:19:31.772816 2024] [php:error] [pid 22108:tid 1860] [client ::1:4347] PHP Fatal error:  Uncaught mysqli_sql_exception: You have an error in your SQL syntax; check the manual that corresponds to your MariaDB server version for the right syntax to use near ')' at line 1 in C:\\xampp\\htdocs\\WeddingProject\\api\\item_search.php:56\nStack trace:\n#0 C:\\xampp\\htdocs\\WeddingProject\\api\\item_search.php(56): mysqli->query('CREATE TEMPORAR...')\n#1 C:\\xampp\\htdocs\\WeddingProject\\api\\index.php(133): itemSearchFilterByWedding(NULL, NULL, 'review_scores', NULL, '1')\n#2 {main}\n  thrown in C:\\xampp\\htdocs\\WeddingProject\\api\\item_search.php on line 56, referer: http://localhost/shopRegistry.html?weddingID=1
[Fri Jul 05 19:19:51.032824 2024] [php:error] [pid 22108:tid 1860] [client ::1:4357] PHP Fatal error:  Uncaught mysqli_sql_exception: You have an error in your SQL syntax; check the manual that corresponds to your MariaDB server version for the right syntax to use near ')' at line 1 in C:\\xampp\\htdocs\\WeddingProject\\api\\item_search.php:56\nStack trace:\n#0 C:\\xampp\\htdocs\\WeddingProject\\api\\item_search.php(56): mysqli->query('CREATE TEMPORAR...')\n#1 C:\\xampp\\htdocs\\WeddingProject\\api\\index.php(133): itemSearchFilterByWedding(NULL, NULL, 'review_scores', NULL, '1')\n#2 {main}\n  thrown in C:\\xampp\\htdocs\\WeddingProject\\api\\item_search.php on line 56, referer: http://localhost/shopRegistry.html?weddingID=1
[Fri Jul 05 19:38:15.940780 2024] [php:error] [pid 22108:tid 1852] [client ::1:4899] PHP Fatal error:  Uncaught mysqli_sql_exception: Unknown column 'registry_id' in 'field list' in C:\\xampp\\htdocs\\WeddingProject\\api\\item_search.php:56\nStack trace:\n#0 C:\\xampp\\htdocs\\WeddingProject\\api\\item_search.php(56): mysqli->query('CREATE TEMPORAR...')\n#1 C:\\xampp\\htdocs\\WeddingProject\\api\\index.php(133): itemSearchFilterByWedding('light', Array, 'date_added', NULL, '2')\n#2 {main}\n  thrown in C:\\xampp\\htdocs\\WeddingProject\\api\\item_search.php on line 56, referer: http://localhost/shopRegistry.html?weddingID=2&searchString=light&categories=lamp&sortBy=date_added
[Fri Jul 05 19:40:59.204583 2024] [php:error] [pid 22108:tid 1852] [client ::1:4985] PHP Fatal error:  Uncaught mysqli_sql_exception: Unknown column 'undefined' in 'where clause' in C:\\xampp\\htdocs\\WeddingProject\\api\\wedding_registry.php:69\nStack trace:\n#0 C:\\xampp\\htdocs\\WeddingProject\\api\\wedding_registry.php(69): mysqli->query('SELECT * FROM r...')\n#1 C:\\xampp\\htdocs\\WeddingProject\\api\\index.php(184): checkItemInRegistry('26', 'undefined')\n#2 {main}\n  thrown in C:\\xampp\\htdocs\\WeddingProject\\api\\wedding_registry.php on line 69, referer: http://localhost/itemsRegistry.html?id=26&registryID=12
[Fri Jul 05 19:41:39.988322 2024] [php:error] [pid 22108:tid 1860] [client ::1:5012] PHP Fatal error:  Uncaught mysqli_sql_exception: Unknown column 'undefined' in 'where clause' in C:\\xampp\\htdocs\\WeddingProject\\api\\wedding_registry.php:69\nStack trace:\n#0 C:\\xampp\\htdocs\\WeddingProject\\api\\wedding_registry.php(69): mysqli->query('SELECT * FROM r...')\n#1 C:\\xampp\\htdocs\\WeddingProject\\api\\index.php(184): checkItemInRegistry('26', 'undefined')\n#2 {main}\n  thrown in C:\\xampp\\htdocs\\WeddingProject\\api\\wedding_registry.php on line 69, referer: http://localhost/itemsRegistry.html?id=26&registryID=12
[Fri Jul 05 19:45:08.018714 2024] [php:error] [pid 22108:tid 1864] [client ::1:5112] PHP Parse error:  syntax error, unexpected variable "$result" in C:\\xampp\\htdocs\\WeddingProject\\api\\wedding_registry.php on line 84, referer: http://localhost/itemsRegistry.html?id=26&registryID=12
[Fri Jul 05 19:45:08.018714 2024] [php:error] [pid 22108:tid 1860] [client ::1:5111] PHP Parse error:  syntax error, unexpected variable "$result" in C:\\xampp\\htdocs\\WeddingProject\\api\\wedding_registry.php on line 84, referer: http://localhost/itemsRegistry.html?id=26&registryID=12
[Fri Jul 05 20:04:36.458196 2024] [php:error] [pid 22108:tid 1852] [client ::1:5640] PHP Fatal error:  Uncaught mysqli_sql_exception: You have an error in your SQL syntax; check the manual that corresponds to your MariaDB server version for the right syntax to use near '' at line 1 in C:\\xampp\\htdocs\\WeddingProject\\api\\item_search.php:113\nStack trace:\n#0 C:\\xampp\\htdocs\\WeddingProject\\api\\item_search.php(113): mysqli->query('SELECT * FROM i...')\n#1 C:\\xampp\\htdocs\\WeddingProject\\api\\index.php(93): getItemDetails(NULL)\n#2 {main}\n  thrown in C:\\xampp\\htdocs\\WeddingProject\\api\\item_search.php on line 113, referer: http://localhost/checkout.html?registryID=12&itemID=26
[Fri Jul 05 20:04:36.458196 2024] [php:error] [pid 22108:tid 1860] [client ::1:5641] PHP Fatal error:  Uncaught mysqli_sql_exception: You have an error in your SQL syntax; check the manual that corresponds to your MariaDB server version for the right syntax to use near '' at line 1 in C:\\xampp\\htdocs\\WeddingProject\\api\\common_functions.php:72\nStack trace:\n#0 C:\\xampp\\htdocs\\WeddingProject\\api\\common_functions.php(72): mysqli->query('SELECT * FROM w...')\n#1 C:\\xampp\\htdocs\\WeddingProject\\api\\index.php(196): getWeddingInfo(NULL)\n#2 {main}\n  thrown in C:\\xampp\\htdocs\\WeddingProject\\api\\common_functions.php on line 72, referer: http://localhost/checkout.html?registryID=12&itemID=26
[Fri Jul 05 20:05:45.576934 2024] [php:error] [pid 22108:tid 1864] [client ::1:5649] PHP Fatal error:  Uncaught mysqli_sql_exception: You have an error in your SQL syntax; check the manual that corresponds to your MariaDB server version for the right syntax to use near '' at line 1 in C:\\xampp\\htdocs\\WeddingProject\\api\\item_search.php:113\nStack trace:\n#0 C:\\xampp\\htdocs\\WeddingProject\\api\\item_search.php(113): mysqli->query('SELECT * FROM i...')\n#1 C:\\xampp\\htdocs\\WeddingProject\\api\\index.php(93): getItemDetails(NULL)\n#2 {main}\n  thrown in C:\\xampp\\htdocs\\WeddingProject\\api\\item_search.php on line 113, referer: http://localhost/checkout.html?registryID=12&itemID=26
[Fri Jul 05 20:05:45.577934 2024] [php:error] [pid 22108:tid 1852] [client ::1:5650] PHP Fatal error:  Uncaught mysqli_sql_exception: You have an error in your SQL syntax; check the manual that corresponds to your MariaDB server version for the right syntax to use near '' at line 1 in C:\\xampp\\htdocs\\WeddingProject\\api\\common_functions.php:72\nStack trace:\n#0 C:\\xampp\\htdocs\\WeddingProject\\api\\common_functions.php(72): mysqli->query('SELECT * FROM w...')\n#1 C:\\xampp\\htdocs\\WeddingProject\\api\\index.php(196): getWeddingInfo(NULL)\n#2 {main}\n  thrown in C:\\xampp\\htdocs\\WeddingProject\\api\\common_functions.php on line 72, referer: http://localhost/checkout.html?registryID=12&itemID=26
[Fri Jul 05 20:07:56.188643 2024] [php:error] [pid 22108:tid 1864] [client ::1:5664] PHP Fatal error:  Uncaught mysqli_sql_exception: You have an error in your SQL syntax; check the manual that corresponds to your MariaDB server version for the right syntax to use near '' at line 1 in C:\\xampp\\htdocs\\WeddingProject\\api\\item_search.php:113\nStack trace:\n#0 C:\\xampp\\htdocs\\WeddingProject\\api\\item_search.php(113): mysqli->query('SELECT * FROM i...')\n#1 C:\\xampp\\htdocs\\WeddingProject\\api\\index.php(93): getItemDetails(NULL)\n#2 {main}\n  thrown in C:\\xampp\\htdocs\\WeddingProject\\api\\item_search.php on line 113, referer: http://localhost/checkout.html?registryID=12&itemID=26
[Fri Jul 05 20:07:56.189644 2024] [php:error] [pid 22108:tid 1860] [client ::1:5665] PHP Fatal error:  Uncaught mysqli_sql_exception: You have an error in your SQL syntax; check the manual that corresponds to your MariaDB server version for the right syntax to use near '' at line 1 in C:\\xampp\\htdocs\\WeddingProject\\api\\common_functions.php:72\nStack trace:\n#0 C:\\xampp\\htdocs\\WeddingProject\\api\\common_functions.php(72): mysqli->query('SELECT * FROM w...')\n#1 C:\\xampp\\htdocs\\WeddingProject\\api\\index.php(196): getWeddingInfo(NULL)\n#2 {main}\n  thrown in C:\\xampp\\htdocs\\WeddingProject\\api\\common_functions.php on line 72, referer: http://localhost/checkout.html?registryID=12&itemID=26
[Fri Jul 05 20:10:44.667340 2024] [php:error] [pid 22108:tid 1852] [client ::1:5684] PHP Fatal error:  Uncaught mysqli_sql_exception: You have an error in your SQL syntax; check the manual that corresponds to your MariaDB server version for the right syntax to use near '' at line 1 in C:\\xampp\\htdocs\\WeddingProject\\api\\item_search.php:113\nStack trace:\n#0 C:\\xampp\\htdocs\\WeddingProject\\api\\item_search.php(113): mysqli->query('SELECT * FROM i...')\n#1 C:\\xampp\\htdocs\\WeddingProject\\api\\index.php(93): getItemDetails(NULL)\n#2 {main}\n  thrown in C:\\xampp\\htdocs\\WeddingProject\\api\\item_search.php on line 113, referer: http://localhost/checkout.html?registryID=12&itemID=26
[Fri Jul 05 20:10:44.668341 2024] [php:error] [pid 22108:tid 1860] [client ::1:5685] PHP Fatal error:  Uncaught mysqli_sql_exception: You have an error in your SQL syntax; check the manual that corresponds to your MariaDB server version for the right syntax to use near '' at line 1 in C:\\xampp\\htdocs\\WeddingProject\\api\\common_functions.php:72\nStack trace:\n#0 C:\\xampp\\htdocs\\WeddingProject\\api\\common_functions.php(72): mysqli->query('SELECT * FROM w...')\n#1 C:\\xampp\\htdocs\\WeddingProject\\api\\index.php(196): getWeddingInfo(NULL)\n#2 {main}\n  thrown in C:\\xampp\\htdocs\\WeddingProject\\api\\common_functions.php on line 72, referer: http://localhost/checkout.html?registryID=12&itemID=26
[Fri Jul 05 20:38:36.378735 2024] [php:error] [pid 22108:tid 1852] [client ::1:5777] PHP Fatal error:  Uncaught Error: Call to undefined function checkout() in C:\\xampp\\htdocs\\WeddingProject\\api\\index.php:89\nStack trace:\n#0 {main}\n  thrown in C:\\xampp\\htdocs\\WeddingProject\\api\\index.php on line 89, referer: http://localhost/checkout.html?registryID=12&itemID=26&weddingID=2&price=74.99
[Fri Jul 05 20:39:08.926741 2024] [php:error] [pid 22108:tid 1852] [client ::1:5795] PHP Fatal error:  Uncaught TypeError: json_decode(): Argument #1 ($json) must be of type string, array given in C:\\xampp\\htdocs\\WeddingProject\\api\\checkout.php:87\nStack trace:\n#0 C:\\xampp\\htdocs\\WeddingProject\\api\\checkout.php(87): json_decode(Array, true)\n#1 C:\\xampp\\htdocs\\WeddingProject\\api\\index.php(89): purchaseRegistryItem('3', Array, Array)\n#2 {main}\n  thrown in C:\\xampp\\htdocs\\WeddingProject\\api\\checkout.php on line 87, referer: http://localhost/checkout.html?registryID=12&itemID=26&weddingID=2&price=74.99
[Fri Jul 05 20:41:07.204788 2024] [php:error] [pid 22108:tid 1852] [client ::1:5857] PHP Fatal error:  Uncaught Error: Undefined constant "payment_details" in C:\\xampp\\htdocs\\WeddingProject\\api\\checkout.php:95\nStack trace:\n#0 C:\\xampp\\htdocs\\WeddingProject\\api\\index.php(89): purchaseRegistryItem('3', Array, Array)\n#1 {main}\n  thrown in C:\\xampp\\htdocs\\WeddingProject\\api\\checkout.php on line 95, referer: http://localhost/checkout.html?registryID=12&itemID=26&weddingID=2&price=74.99
[Fri Jul 05 20:47:21.770942 2024] [php:error] [pid 22108:tid 1852] [client ::1:6105] PHP Parse error:  syntax error, unexpected variable "$item_to_purchase", expecting "," or ";" in C:\\xampp\\htdocs\\WeddingProject\\api\\checkout.php on line 95, referer: http://localhost/checkout.html?registryID=12&itemID=26&weddingID=2&price=74.99
[Sat Jul 06 00:21:10.143480 2024] [core:warn] [pid 134232:tid 380] AH00098: pid file C:/Users/suluckhtoo/Downloads/Telegram Desktop/xampp/xampp/apache/logs/httpd.pid overwritten -- Unclean shutdown of previous Apache run?
[Sat Jul 06 00:21:10.337771 2024] [mpm_winnt:notice] [pid 134232:tid 380] AH00455: Apache/2.4.58 (Win64) OpenSSL/3.1.3 PHP/8.2.12 configured -- resuming normal operations
[Sat Jul 06 00:21:10.337771 2024] [mpm_winnt:notice] [pid 134232:tid 380] AH00456: Apache Lounge VS17 Server built: Oct 18 2023 13:03:18
[Sat Jul 06 00:21:10.337771 2024] [core:notice] [pid 134232:tid 380] AH00094: Command line: 'c:\\users\\suluckhtoo\\downloads\\telegram desktop\\xampp\\xampp\\apache\\bin\\httpd.exe -d C:/Users/suluckhtoo/Downloads/Telegram Desktop/xampp/xampp/apache'
[Sat Jul 06 00:21:10.352559 2024] [mpm_winnt:notice] [pid 134232:tid 380] AH00418: Parent: Created child process 132516
[Sat Jul 06 00:21:11.605483 2024] [mpm_winnt:notice] [pid 132516:tid 352] AH00354: Child: Starting 150 worker threads.
